MPLINK 5.08, LINKER
Linker Map File - Created Fri Jan 20 00:23:59 2017

                                 Section Info
                  Section       Type    Address   Location Size(Bytes)
                ---------  ---------  ---------  ---------  ---------
                   .cinit    romdata   0x000000    program   0x000002
                   .org_0       code   0x000800    program   0x000062



                              Program Memory Usage 
                               Start         End      
                           ---------   ---------      
                            0x000000    0x000001      
                            0x000800    0x000861      
            100 out of 66584 program addresses used, program memory utilization is 0%



                              Symbols - Sorted by Name
                     Name    Address   Location    Storage File                     
                ---------  ---------  ---------  --------- ---------                
                  ForLoop   0x000836    program     static /home/jake/projects/ece376/hw02.X/p5.asm
                     Init   0x000808    program     static /home/jake/projects/ece376/hw02.X/p5.asm
                     Main   0x000800    program     static /home/jake/projects/ece376/hw02.X/p5.asm
                     Wait   0x00084a    program     static /home/jake/projects/ece376/hw02.X/p5.asm
                WaitToRun   0x00081e    program     static /home/jake/projects/ece376/hw02.X/p5.asm
                WhileLoop   0x00082a    program     static /home/jake/projects/ece376/hw02.X/p5.asm



                              Symbols - Sorted by Address
                     Name    Address   Location    Storage File                     
                ---------  ---------  ---------  --------- ---------                
                     Main   0x000800    program     static /home/jake/projects/ece376/hw02.X/p5.asm
                     Init   0x000808    program     static /home/jake/projects/ece376/hw02.X/p5.asm
                WaitToRun   0x00081e    program     static /home/jake/projects/ece376/hw02.X/p5.asm
                WhileLoop   0x00082a    program     static /home/jake/projects/ece376/hw02.X/p5.asm
                  ForLoop   0x000836    program     static /home/jake/projects/ece376/hw02.X/p5.asm
                     Wait   0x00084a    program     static /home/jake/projects/ece376/hw02.X/p5.asm


